// Jest Snapshot v1, https://goo.gl/fbAQLP

exports[`Answer component tests renders correctly 1`] = `
<div
  className="answer"
>
  10 + 2
</div>
`;
