// Jest Snapshot v1, https://goo.gl/fbAQLP

exports[`renders correctly 1`] = `
<button
  className="tile  wide"
  onClick={[Function]}
  type="button"
>
  0
</button>
`;
